[2024-03-17T06:30:57.672+0000][0.516s] Using G1
[2024-03-17T06:31:02.537+0000][5.381s] Version: 17.0.10+7 (release)
[2024-03-17T06:31:02.621+0000][5.466s] CPUs: 8 total, 8 available
[2024-03-17T06:31:02.688+0000][5.533s] Memory: 3859M
[2024-03-17T06:31:02.767+0000][5.611s] Large Page Support: Disabled
[2024-03-17T06:31:02.791+0000][5.635s] NUMA Support: Disabled
[2024-03-17T06:31:02.800+0000][5.645s] Compressed Oops: Enabled (32-bit)
[2024-03-17T06:31:02.801+0000][5.645s] Heap Region Size: 1M
[2024-03-17T06:31:02.803+0000][5.647s] Heap Min Capacity: 512M
[2024-03-17T06:31:02.817+0000][5.662s] Heap Initial Capacity: 512M
[2024-03-17T06:31:02.818+0000][5.663s] Heap Max Capacity: 512M
[2024-03-17T06:31:02.820+0000][5.664s] Pre-touch: Enabled
[2024-03-17T06:31:02.838+0000][5.682s] Parallel Workers: 8
[2024-03-17T06:31:02.863+0000][5.707s] Concurrent Workers: 2
[2024-03-17T06:31:02.931+0000][5.776s] Concurrent Refinement Workers: 8
[2024-03-17T06:31:02.976+0000][5.821s] Periodic GC: Disabled
[2024-03-17T06:31:04.301+0000][7.146s] CDS archive(s) mapped at: [0x00007fbc3b000000-0x00007fbc3ba5f000-0x00007fbc3ba5f000), size 10874880, SharedBaseAddress: 0x00007fbc3b000000, ArchiveRelocationMode: 1.
[2024-03-17T06:31:04.324+0000][7.169s] Compressed class space mapped at: 0x00007fbc3c000000-0x00007fbc7c000000, reserved size: 1073741824
[2024-03-17T06:31:04.330+0000][7.175s] Narrow klass base: 0x00007fbc3b000000, Narrow klass shift: 0, Narrow klass range: 0x100000000
[2024-03-17T06:31:26.165+0000][29.119s] GC(0) Pause Young (Normal) (G1 Evacuation Pause)
[2024-03-17T06:31:26.211+0000][29.165s] GC(0) Using 8 workers of 8 for evacuation
[2024-03-17T06:31:26.672+0000][29.626s] GC(0) MMU target violated: 251.0ms (250.0ms/251.0ms)
[2024-03-17T06:31:26.678+0000][29.632s] GC(0)   Pre Evacuate Collection Set: 117.6ms
[2024-03-17T06:31:26.679+0000][29.633s] GC(0)   Merge Heap Roots: 4.9ms
[2024-03-17T06:31:26.687+0000][29.641s] GC(0)   Evacuate Collection Set: 263.2ms
[2024-03-17T06:31:26.688+0000][29.643s] GC(0)   Post Evacuate Collection Set: 28.5ms
[2024-03-17T06:31:26.690+0000][29.644s] GC(0)   Other: 146.2ms
[2024-03-17T06:31:26.692+0000][29.646s] GC(0) Eden regions: 29->0(21)
[2024-03-17T06:31:26.697+0000][29.651s] GC(0) Survivor regions: 0->4(4)
[2024-03-17T06:31:26.711+0000][29.665s] GC(0) Old regions: 0->1
[2024-03-17T06:31:26.714+0000][29.668s] GC(0) Archive regions: 2->2
[2024-03-17T06:31:26.714+0000][29.668s] GC(0) Humongous regions: 0->0
[2024-03-17T06:31:26.716+0000][29.670s] GC(0) Metaspace: 10001K(10304K)->10001K(10304K) NonClass: 8756K(8896K)->8756K(8896K) Class: 1245K(1408K)->1245K(1408K)
[2024-03-17T06:31:26.722+0000][29.677s] GC(0) Pause Young (Normal) (G1 Evacuation Pause) 29M->5M(512M) 569.859ms
[2024-03-17T06:31:26.727+0000][29.681s] GC(0) User=0.85s Sys=0.08s Real=0.59s
[2024-03-17T06:31:40.382+0000][43.336s] GC(1) Pause Young (Normal) (G1 Evacuation Pause)
[2024-03-17T06:31:40.412+0000][43.366s] GC(1) Using 8 workers of 8 for evacuation
[2024-03-17T06:31:41.639+0000][44.593s] GC(1) MMU target violated: 251.0ms (250.0ms/251.0ms)
[2024-03-17T06:31:41.653+0000][44.607s] GC(1)   Pre Evacuate Collection Set: 27.9ms
[2024-03-17T06:31:41.667+0000][44.621s] GC(1)   Merge Heap Roots: 1.7ms
[2024-03-17T06:31:41.671+0000][44.625s] GC(1)   Evacuate Collection Set: 1160.3ms
[2024-03-17T06:31:41.673+0000][44.627s] GC(1)   Post Evacuate Collection Set: 21.1ms
[2024-03-17T06:31:41.676+0000][44.630s] GC(1)   Other: 65.7ms
[2024-03-17T06:31:41.677+0000][44.631s] GC(1) Eden regions: 21->0(21)
[2024-03-17T06:31:41.681+0000][44.635s] GC(1) Survivor regions: 4->4(4)
[2024-03-17T06:31:41.682+0000][44.636s] GC(1) Old regions: 1->9
[2024-03-17T06:31:41.682+0000][44.636s] GC(1) Archive regions: 2->2
[2024-03-17T06:31:41.683+0000][44.637s] GC(1) Humongous regions: 4->4
[2024-03-17T06:31:41.691+0000][44.645s] GC(1) Metaspace: 16036K(16384K)->16036K(16384K) NonClass: 14052K(14208K)->14052K(14208K) Class: 1984K(2176K)->1984K(2176K)
[2024-03-17T06:31:41.709+0000][44.663s] GC(1) Pause Young (Normal) (G1 Evacuation Pause) 30M->17M(512M) 1311.174ms
[2024-03-17T06:31:41.710+0000][44.664s] GC(1) User=2.09s Sys=0.16s Real=1.33s
[2024-03-17T06:31:45.854+0000][48.808s] GC(2) Pause Young (Normal) (G1 Evacuation Pause)
[2024-03-17T06:31:45.855+0000][48.809s] GC(2) Using 8 workers of 8 for evacuation
[2024-03-17T06:31:45.940+0000][48.894s] GC(2)   Pre Evacuate Collection Set: 14.1ms
[2024-03-17T06:31:45.941+0000][48.895s] GC(2)   Merge Heap Roots: 0.4ms
[2024-03-17T06:31:45.942+0000][48.896s] GC(2)   Evacuate Collection Set: 65.3ms
[2024-03-17T06:31:45.942+0000][48.896s] GC(2)   Post Evacuate Collection Set: 1.3ms
[2024-03-17T06:31:45.942+0000][48.897s] GC(2)   Other: 4.9ms
[2024-03-17T06:31:45.943+0000][48.897s] GC(2) Eden regions: 21->0(22)
[2024-03-17T06:31:45.943+0000][48.897s] GC(2) Survivor regions: 4->3(4)
[2024-03-17T06:31:45.944+0000][48.898s] GC(2) Old regions: 9->13
[2024-03-17T06:31:45.944+0000][48.898s] GC(2) Archive regions: 2->2
[2024-03-17T06:31:45.944+0000][48.898s] GC(2) Humongous regions: 4->4
[2024-03-17T06:31:45.948+0000][48.902s] GC(2) Metaspace: 17882K(18112K)->17882K(18112K) NonClass: 15672K(15808K)->15672K(15808K) Class: 2209K(2304K)->2209K(2304K)
[2024-03-17T06:31:45.949+0000][48.903s] GC(2) Pause Young (Normal) (G1 Evacuation Pause) 38M->20M(512M) 94.587ms
[2024-03-17T06:31:45.953+0000][48.907s] GC(2) User=0.19s Sys=0.03s Real=0.10s
[2024-03-17T06:31:48.597+0000][51.540s] GC(3) Pause Young (Normal) (G1 Evacuation Pause)
[2024-03-17T06:31:48.604+0000][51.548s] GC(3) Using 8 workers of 8 for evacuation
[2024-03-17T06:31:48.623+0000][51.566s] GC(3)   Pre Evacuate Collection Set: 0.3ms
[2024-03-17T06:31:48.624+0000][51.568s] GC(3)   Merge Heap Roots: 0.1ms
[2024-03-17T06:31:48.626+0000][51.569s] GC(3)   Evacuate Collection Set: 15.1ms
[2024-03-17T06:31:48.627+0000][51.571s] GC(3)   Post Evacuate Collection Set: 2.1ms
[2024-03-17T06:31:48.629+0000][51.572s] GC(3)   Other: 8.1ms
[2024-03-17T06:31:48.630+0000][51.574s] GC(3) Eden regions: 22->0(22)
[2024-03-17T06:31:48.631+0000][51.574s] GC(3) Survivor regions: 3->3(4)
[2024-03-17T06:31:48.631+0000][51.575s] GC(3) Old regions: 13->16
[2024-03-17T06:31:48.632+0000][51.575s] GC(3) Archive regions: 2->2
[2024-03-17T06:31:48.633+0000][51.576s] GC(3) Humongous regions: 4->4
[2024-03-17T06:31:48.633+0000][51.577s] GC(3) Metaspace: 18043K(18368K)->18043K(18368K) NonClass: 15827K(16000K)->15827K(16000K) Class: 2215K(2368K)->2215K(2368K)
[2024-03-17T06:31:48.634+0000][51.578s] GC(3) Pause Young (Normal) (G1 Evacuation Pause) 42M->23M(512M) 37.300ms
[2024-03-17T06:31:48.636+0000][51.579s] GC(3) User=0.05s Sys=0.01s Real=0.03s
[2024-03-17T06:31:53.609+0000][56.553s] GC(4) Pause Young (Concurrent Start) (Metadata GC Threshold)
[2024-03-17T06:31:53.611+0000][56.555s] GC(4) Using 8 workers of 8 for evacuation
[2024-03-17T06:31:53.639+0000][56.583s] GC(4)   Pre Evacuate Collection Set: 0.4ms
[2024-03-17T06:31:53.640+0000][56.584s] GC(4)   Merge Heap Roots: 0.3ms
[2024-03-17T06:31:53.641+0000][56.584s] GC(4)   Evacuate Collection Set: 18.9ms
[2024-03-17T06:31:53.641+0000][56.585s] GC(4)   Post Evacuate Collection Set: 1.6ms
[2024-03-17T06:31:53.642+0000][56.585s] GC(4)   Other: 8.9ms
[2024-03-17T06:31:53.642+0000][56.586s] GC(4) Eden regions: 19->0(27)
[2024-03-17T06:31:53.642+0000][56.586s] GC(4) Survivor regions: 3->1(4)
[2024-03-17T06:31:53.643+0000][56.586s] GC(4) Old regions: 16->19
[2024-03-17T06:31:53.643+0000][56.587s] GC(4) Archive regions: 2->2
[2024-03-17T06:31:53.645+0000][56.588s] GC(4) Humongous regions: 4->4
[2024-03-17T06:31:53.645+0000][56.589s] GC(4) Metaspace: 21166K(21504K)->21166K(21504K) NonClass: 18556K(18688K)->18556K(18688K) Class: 2609K(2816K)->2609K(2816K)
[2024-03-17T06:31:53.646+0000][56.589s] GC(4) Pause Young (Concurrent Start) (Metadata GC Threshold) 41M->23M(512M) 36.500ms
[2024-03-17T06:31:53.646+0000][56.590s] GC(4) User=0.05s Sys=0.02s Real=0.04s
[2024-03-17T06:31:53.648+0000][56.592s] GC(5) Concurrent Mark Cycle
[2024-03-17T06:31:53.650+0000][56.594s] GC(5) Concurrent Clear Claimed Marks
[2024-03-17T06:31:53.652+0000][56.596s] GC(5) Concurrent Clear Claimed Marks 2.815ms
[2024-03-17T06:31:53.653+0000][56.597s] GC(5) Concurrent Scan Root Regions
[2024-03-17T06:31:53.675+0000][56.618s] GC(5) Concurrent Scan Root Regions 21.580ms
[2024-03-17T06:31:53.675+0000][56.619s] GC(5) Concurrent Mark
[2024-03-17T06:31:53.676+0000][56.620s] GC(5) Concurrent Mark From Roots
[2024-03-17T06:31:53.677+0000][56.621s] GC(5) Using 2 workers of 2 for marking
[2024-03-17T06:31:53.768+0000][56.711s] GC(5) Concurrent Mark From Roots 91.669ms
[2024-03-17T06:31:53.770+0000][56.713s] GC(5) Concurrent Preclean
[2024-03-17T06:31:53.772+0000][56.715s] GC(5) Concurrent Preclean 1.802ms
[2024-03-17T06:31:53.773+0000][56.716s] GC(5) Pause Remark
[2024-03-17T06:31:53.809+0000][56.752s] GC(5) Pause Remark 25M->25M(512M) 36.030ms
[2024-03-17T06:31:53.810+0000][56.754s] GC(5) User=0.06s Sys=0.00s Real=0.04s
[2024-03-17T06:31:53.811+0000][56.755s] GC(5) Concurrent Mark 135.900ms
[2024-03-17T06:31:53.813+0000][56.757s] GC(5) Concurrent Rebuild Remembered Sets
[2024-03-17T06:31:53.846+0000][56.789s] GC(5) Concurrent Rebuild Remembered Sets 32.802ms
[2024-03-17T06:31:53.854+0000][56.798s] GC(5) Pause Cleanup
[2024-03-17T06:31:53.855+0000][56.799s] GC(5) Pause Cleanup 25M->25M(512M) 1.398ms
[2024-03-17T06:31:53.856+0000][56.800s] GC(5) User=0.00s Sys=0.00s Real=0.01s
[2024-03-17T06:31:53.857+0000][56.801s] GC(5) Concurrent Cleanup for Next Mark
[2024-03-17T06:31:53.908+0000][56.852s] GC(5) Concurrent Cleanup for Next Mark 51.275ms
[2024-03-17T06:31:53.909+0000][56.853s] GC(5) Concurrent Mark Cycle 260.908ms
[2024-03-17T06:31:57.830+0000][60.773s] GC(6) Pause Young (Normal) (G1 Evacuation Pause)
[2024-03-17T06:31:57.830+0000][60.774s] GC(6) Using 8 workers of 8 for evacuation
[2024-03-17T06:31:57.841+0000][60.785s] GC(6)   Pre Evacuate Collection Set: 0.3ms
[2024-03-17T06:31:57.842+0000][60.786s] GC(6)   Merge Heap Roots: 0.2ms
[2024-03-17T06:31:57.842+0000][60.786s] GC(6)   Evacuate Collection Set: 8.8ms
[2024-03-17T06:31:57.843+0000][60.786s] GC(6)   Post Evacuate Collection Set: 1.3ms
[2024-03-17T06:31:57.843+0000][60.787s] GC(6)   Other: 8.0ms
[2024-03-17T06:31:57.844+0000][60.787s] GC(6) Eden regions: 28->0(41)
[2024-03-17T06:31:57.844+0000][60.788s] GC(6) Survivor regions: 1->2(4)
[2024-03-17T06:31:57.844+0000][60.788s] GC(6) Old regions: 19->19
[2024-03-17T06:31:57.845+0000][60.788s] GC(6) Archive regions: 2->2
[2024-03-17T06:31:57.845+0000][60.789s] GC(6) Humongous regions: 4->4
[2024-03-17T06:31:57.845+0000][60.789s] GC(6) Metaspace: 24022K(24384K)->24022K(24384K) NonClass: 21007K(21184K)->21007K(21184K) Class: 3014K(3200K)->3014K(3200K)
[2024-03-17T06:31:57.846+0000][60.789s] GC(6) Pause Young (Normal) (G1 Evacuation Pause) 51M->24M(512M) 16.081ms
[2024-03-17T06:31:57.846+0000][60.790s] GC(6) User=0.06s Sys=0.00s Real=0.02s
[2024-03-17T06:32:05.968+0000][68.911s] GC(7) Pause Young (Normal) (G1 Evacuation Pause)
[2024-03-17T06:32:05.969+0000][68.913s] GC(7) Using 8 workers of 8 for evacuation
[2024-03-17T06:32:06.032+0000][68.976s] GC(7)   Pre Evacuate Collection Set: 0.4ms
[2024-03-17T06:32:06.033+0000][68.977s] GC(7)   Merge Heap Roots: 0.2ms
[2024-03-17T06:32:06.034+0000][68.977s] GC(7)   Evacuate Collection Set: 34.2ms
[2024-03-17T06:32:06.034+0000][68.978s] GC(7)   Post Evacuate Collection Set: 13.3ms
[2024-03-17T06:32:06.034+0000][68.978s] GC(7)   Other: 16.3ms
[2024-03-17T06:32:06.035+0000][68.979s] GC(7) Eden regions: 41->0(301)
[2024-03-17T06:32:06.036+0000][68.979s] GC(7) Survivor regions: 2->6(6)
[2024-03-17T06:32:06.036+0000][68.980s] GC(7) Old regions: 19->19
[2024-03-17T06:32:06.037+0000][68.980s] GC(7) Archive regions: 2->2
[2024-03-17T06:32:06.037+0000][68.981s] GC(7) Humongous regions: 4->4
[2024-03-17T06:32:06.037+0000][68.981s] GC(7) Metaspace: 32816K(33152K)->32816K(33152K) NonClass: 28741K(28928K)->28741K(28928K) Class: 4074K(4224K)->4074K(4224K)
[2024-03-17T06:32:06.038+0000][68.981s] GC(7) Pause Young (Normal) (G1 Evacuation Pause) 65M->28M(512M) 69.987ms
[2024-03-17T06:32:06.038+0000][68.982s] GC(7) User=0.19s Sys=0.02s Real=0.08s
[2024-03-17T06:32:09.048+0000][71.991s] GC(8) Pause Young (Concurrent Start) (Metadata GC Threshold)
[2024-03-17T06:32:09.048+0000][71.992s] GC(8) Using 8 workers of 8 for evacuation
[2024-03-17T06:32:09.093+0000][72.036s] GC(8)   Pre Evacuate Collection Set: 0.3ms
[2024-03-17T06:32:09.093+0000][72.037s] GC(8)   Merge Heap Roots: 0.2ms
[2024-03-17T06:32:09.096+0000][72.039s] GC(8)   Evacuate Collection Set: 25.5ms
[2024-03-17T06:32:09.097+0000][72.040s] GC(8)   Post Evacuate Collection Set: 15.5ms
[2024-03-17T06:32:09.101+0000][72.044s] GC(8)   Other: 3.4ms
[2024-03-17T06:32:09.102+0000][72.046s] GC(8) Eden regions: 24->0(92)
[2024-03-17T06:32:09.103+0000][72.046s] GC(8) Survivor regions: 6->7(39)
[2024-03-17T06:32:09.103+0000][72.047s] GC(8) Old regions: 19->19
[2024-03-17T06:32:09.104+0000][72.048s] GC(8) Archive regions: 2->2
[2024-03-17T06:32:09.105+0000][72.048s] GC(8) Humongous regions: 4->4
[2024-03-17T06:32:09.106+0000][72.050s] GC(8) Metaspace: 35812K(36160K)->35812K(36160K) NonClass: 31332K(31488K)->31332K(31488K) Class: 4480K(4672K)->4480K(4672K)
[2024-03-17T06:32:09.107+0000][72.051s] GC(8) Pause Young (Concurrent Start) (Metadata GC Threshold) 52M->29M(512M) 59.592ms
[2024-03-17T06:32:09.108+0000][72.052s] GC(8) User=0.11s Sys=0.02s Real=0.06s
[2024-03-17T06:32:09.110+0000][72.053s] GC(9) Concurrent Mark Cycle
[2024-03-17T06:32:09.113+0000][72.056s] GC(9) Concurrent Clear Claimed Marks
[2024-03-17T06:32:09.117+0000][72.061s] GC(9) Concurrent Clear Claimed Marks 4.774ms
[2024-03-17T06:32:09.128+0000][72.072s] GC(9) Concurrent Scan Root Regions
[2024-03-17T06:32:09.149+0000][72.093s] GC(9) Concurrent Scan Root Regions 20.944ms
[2024-03-17T06:32:09.154+0000][72.098s] GC(9) Concurrent Mark
[2024-03-17T06:32:09.159+0000][72.103s] GC(9) Concurrent Mark From Roots
[2024-03-17T06:32:09.168+0000][72.112s] GC(9) Using 2 workers of 2 for marking
[2024-03-17T06:32:09.304+0000][72.247s] GC(9) Concurrent Mark From Roots 144.586ms
[2024-03-17T06:32:09.311+0000][72.254s] GC(9) Concurrent Preclean
[2024-03-17T06:32:09.317+0000][72.260s] GC(9) Concurrent Preclean 6.305ms
[2024-03-17T06:32:09.327+0000][72.271s] GC(9) Pause Remark
[2024-03-17T06:32:09.353+0000][72.297s] GC(9) Pause Remark 31M->31M(512M) 26.429ms
[2024-03-17T06:32:09.355+0000][72.298s] GC(9) User=0.05s Sys=0.04s Real=0.02s
[2024-03-17T06:32:09.359+0000][72.303s] GC(9) Concurrent Mark 205.065ms
[2024-03-17T06:32:09.374+0000][72.318s] GC(9) Concurrent Rebuild Remembered Sets
[2024-03-17T06:32:09.402+0000][72.346s] GC(9) Concurrent Rebuild Remembered Sets 27.683ms
[2024-03-17T06:32:09.438+0000][72.382s] GC(9) Pause Cleanup
[2024-03-17T06:32:09.440+0000][72.383s] GC(9) Pause Cleanup 32M->32M(512M) 1.371ms
[2024-03-17T06:32:09.441+0000][72.385s] GC(9) User=0.00s Sys=0.00s Real=0.00s
[2024-03-17T06:32:09.442+0000][72.386s] GC(9) Concurrent Cleanup for Next Mark
[2024-03-17T06:32:09.529+0000][72.472s] GC(9) Concurrent Cleanup for Next Mark 86.622ms
[2024-03-17T06:32:09.532+0000][72.476s] GC(9) Concurrent Mark Cycle 422.852ms
[2024-03-17T06:32:24.078+0000][87.039s] GC(10) Pause Young (Concurrent Start) (G1 Evacuation Pause)
[2024-03-17T06:32:24.086+0000][87.046s] GC(10) Using 8 workers of 8 for evacuation
[2024-03-17T06:32:24.188+0000][87.148s] GC(10)   Pre Evacuate Collection Set: 0.3ms
[2024-03-17T06:32:24.189+0000][87.149s] GC(10)   Merge Heap Roots: 0.2ms
[2024-03-17T06:32:24.189+0000][87.149s] GC(10)   Evacuate Collection Set: 96.4ms
[2024-03-17T06:32:24.189+0000][87.149s] GC(10)   Post Evacuate Collection Set: 4.4ms
[2024-03-17T06:32:24.190+0000][87.150s] GC(10)   Other: 8.3ms
[2024-03-17T06:32:24.191+0000][87.151s] GC(10) Eden regions: 114->0(65)
[2024-03-17T06:32:24.191+0000][87.151s] GC(10) Survivor regions: 7->16(16)
[2024-03-17T06:32:24.192+0000][87.152s] GC(10) Old regions: 19->20
[2024-03-17T06:32:24.193+0000][87.153s] GC(10) Archive regions: 2->2
[2024-03-17T06:32:24.194+0000][87.154s] GC(10) Humongous regions: 4->4
[2024-03-17T06:32:24.194+0000][87.154s] GC(10) Metaspace: 48023K(48512K)->48023K(48512K) NonClass: 41911K(42176K)->41911K(42176K) Class: 6111K(6336K)->6111K(6336K)
[2024-03-17T06:32:24.195+0000][87.155s] GC(10) Pause Young (Concurrent Start) (G1 Evacuation Pause) 143M->40M(512M) 116.532ms
[2024-03-17T06:32:24.195+0000][87.156s] GC(10) User=0.45s Sys=0.01s Real=0.12s
[2024-03-17T06:32:24.196+0000][87.156s] GC(11) Concurrent Mark Cycle
[2024-03-17T06:32:24.205+0000][87.165s] GC(11) Concurrent Clear Claimed Marks
[2024-03-17T06:32:24.206+0000][87.166s] GC(11) Concurrent Clear Claimed Marks 1.205ms
[2024-03-17T06:32:24.207+0000][87.167s] GC(11) Concurrent Scan Root Regions
[2024-03-17T06:32:24.245+0000][87.205s] GC(11) Concurrent Scan Root Regions 37.914ms
[2024-03-17T06:32:24.251+0000][87.211s] GC(11) Concurrent Mark
[2024-03-17T06:32:24.260+0000][87.220s] GC(11) Concurrent Mark From Roots
[2024-03-17T06:32:24.263+0000][87.223s] GC(11) Using 2 workers of 2 for marking
[2024-03-17T06:32:24.334+0000][87.294s] GC(11) Concurrent Mark From Roots 74.673ms
[2024-03-17T06:32:24.349+0000][87.309s] GC(11) Concurrent Preclean
[2024-03-17T06:32:24.354+0000][87.314s] GC(11) Concurrent Preclean 4.952ms
[2024-03-17T06:32:24.382+0000][87.342s] GC(11) Pause Remark
[2024-03-17T06:32:24.406+0000][87.366s] GC(11) Pause Remark 42M->42M(512M) 24.664ms
[2024-03-17T06:32:24.408+0000][87.368s] GC(11) User=0.06s Sys=0.00s Real=0.02s
[2024-03-17T06:32:24.408+0000][87.368s] GC(11) Concurrent Mark 157.378ms
[2024-03-17T06:32:24.409+0000][87.370s] GC(11) Concurrent Rebuild Remembered Sets
[2024-03-17T06:32:24.442+0000][87.402s] GC(11) Concurrent Rebuild Remembered Sets 32.186ms
[2024-03-17T06:32:24.455+0000][87.415s] GC(11) Pause Cleanup
[2024-03-17T06:32:24.459+0000][87.419s] GC(11) Pause Cleanup 43M->43M(512M) 4.061ms
[2024-03-17T06:32:24.470+0000][87.430s] GC(11) User=0.01s Sys=0.02s Real=0.02s
[2024-03-17T06:32:24.477+0000][87.438s] GC(11) Concurrent Cleanup for Next Mark
[2024-03-17T06:32:24.480+0000][87.440s] GC(11) Concurrent Cleanup for Next Mark 2.402ms
[2024-03-17T06:32:24.480+0000][87.441s] GC(11) Concurrent Mark Cycle 284.592ms
[2024-03-17T06:45:37.254+0000][879.881s] GC(12) Pause Young (Normal) (G1 Evacuation Pause)
[2024-03-17T06:45:37.265+0000][879.892s] GC(12) Using 8 workers of 8 for evacuation
[2024-03-17T06:45:38.717+0000][881.345s] GC(12) MMU target violated: 251.0ms (250.0ms/251.0ms)
[2024-03-17T06:45:38.727+0000][881.354s] GC(12)   Pre Evacuate Collection Set: 23.5ms
[2024-03-17T06:45:38.728+0000][881.355s] GC(12)   Merge Heap Roots: 10.3ms
[2024-03-17T06:45:38.728+0000][881.355s] GC(12)   Evacuate Collection Set: 1370.2ms
[2024-03-17T06:45:38.730+0000][881.357s] GC(12)   Post Evacuate Collection Set: 37.0ms
[2024-03-17T06:45:38.732+0000][881.360s] GC(12)   Other: 42.9ms
[2024-03-17T06:45:38.734+0000][881.362s] GC(12) Eden regions: 71->0(20)
[2024-03-17T06:45:38.735+0000][881.362s] GC(12) Survivor regions: 16->5(11)
[2024-03-17T06:45:38.735+0000][881.363s] GC(12) Old regions: 20->36
[2024-03-17T06:45:38.736+0000][881.363s] GC(12) Archive regions: 2->2
[2024-03-17T06:45:38.736+0000][881.363s] GC(12) Humongous regions: 4->4
[2024-03-17T06:45:38.737+0000][881.364s] GC(12) Metaspace: 53437K(53952K)->53437K(53952K) NonClass: 46571K(46848K)->46571K(46848K) Class: 6866K(7104K)->6866K(7104K)
[2024-03-17T06:45:38.743+0000][881.370s] GC(12) Pause Young (Normal) (G1 Evacuation Pause) 111M->44M(512M) 1488.946ms
[2024-03-17T06:45:38.743+0000][881.371s] GC(12) User=2.95s Sys=1.00s Real=1.49s
[2024-03-17T06:46:28.104+0000][930.699s] GC(13) Pause Young (Normal) (G1 Evacuation Pause)
[2024-03-17T06:46:28.109+0000][930.703s] GC(13) Using 8 workers of 8 for evacuation
[2024-03-17T06:46:28.297+0000][930.892s] GC(13)   Pre Evacuate Collection Set: 6.9ms
[2024-03-17T06:46:28.298+0000][930.892s] GC(13)   Merge Heap Roots: 2.0ms
[2024-03-17T06:46:28.298+0000][930.893s] GC(13)   Evacuate Collection Set: 165.2ms
[2024-03-17T06:46:28.299+0000][930.893s] GC(13)   Post Evacuate Collection Set: 10.7ms
[2024-03-17T06:46:28.299+0000][930.894s] GC(13)   Other: 11.4ms
[2024-03-17T06:46:28.300+0000][930.894s] GC(13) Eden regions: 20->0(42)
[2024-03-17T06:46:28.300+0000][930.895s] GC(13) Survivor regions: 5->2(4)
[2024-03-17T06:46:28.301+0000][930.895s] GC(13) Old regions: 36->39
[2024-03-17T06:46:28.301+0000][930.896s] GC(13) Archive regions: 2->2
[2024-03-17T06:46:28.302+0000][930.896s] GC(13) Humongous regions: 4->4
[2024-03-17T06:46:28.302+0000][930.897s] GC(13) Metaspace: 53926K(54464K)->53926K(54464K) NonClass: 47017K(47296K)->47017K(47296K) Class: 6908K(7168K)->6908K(7168K)
[2024-03-17T06:46:28.303+0000][930.897s] GC(13) Pause Young (Normal) (G1 Evacuation Pause) 64M->45M(512M) 199.053ms
[2024-03-17T06:46:28.304+0000][930.898s] GC(13) User=0.49s Sys=0.05s Real=0.20s
[2024-03-17T06:46:34.088+0000][936.683s] GC(14) Pause Young (Normal) (G1 Evacuation Pause)
[2024-03-17T06:46:34.089+0000][936.684s] GC(14) Using 8 workers of 8 for evacuation
[2024-03-17T06:46:34.111+0000][936.706s] GC(14)   Pre Evacuate Collection Set: 0.4ms
[2024-03-17T06:46:34.112+0000][936.706s] GC(14)   Merge Heap Roots: 0.3ms
[2024-03-17T06:46:34.112+0000][936.706s] GC(14)   Evacuate Collection Set: 18.9ms
[2024-03-17T06:46:34.112+0000][936.707s] GC(14)   Post Evacuate Collection Set: 1.9ms
[2024-03-17T06:46:34.114+0000][936.708s] GC(14)   Other: 1.3ms
[2024-03-17T06:46:34.114+0000][936.709s] GC(14) Eden regions: 42->0(52)
[2024-03-17T06:46:34.115+0000][936.709s] GC(14) Survivor regions: 2->3(6)
[2024-03-17T06:46:34.115+0000][936.710s] GC(14) Old regions: 39->39
[2024-03-17T06:46:34.115+0000][936.710s] GC(14) Archive regions: 2->2
[2024-03-17T06:46:34.116+0000][936.710s] GC(14) Humongous regions: 4->4
[2024-03-17T06:46:34.116+0000][936.710s] GC(14) Metaspace: 56031K(56576K)->56031K(56576K) NonClass: 48842K(49152K)->48842K(49152K) Class: 7188K(7424K)->7188K(7424K)
[2024-03-17T06:46:34.118+0000][936.712s] GC(14) Pause Young (Normal) (G1 Evacuation Pause) 87M->46M(512M) 29.070ms
[2024-03-17T06:46:34.119+0000][936.713s] GC(14) User=0.13s Sys=0.00s Real=0.03s
[2024-03-17T08:27:25.308+0000][6985.662s] Heap
[2024-03-17T08:27:25.319+0000][6985.673s]  garbage-first heap   total 524288K, used 74342K [0x00000000e0000000, 0x0000000100000000)
[2024-03-17T08:27:25.320+0000][6985.674s]   region size 1024K, 29 young (29696K), 3 survivors (3072K)
[2024-03-17T08:27:25.321+0000][6985.675s]  Metaspace       used 56754K, committed 57280K, reserved 1114112K
[2024-03-17T08:27:25.321+0000][6985.675s]   class space    used 7294K, committed 7552K, reserved 1048576K
