[2024-03-17T10:54:49.305+0000][0.620s] Using G1
[2024-03-17T10:54:54.528+0000][5.843s] Version: 17.0.10+7 (release)
[2024-03-17T10:54:54.544+0000][5.860s] CPUs: 8 total, 8 available
[2024-03-17T10:54:54.552+0000][5.868s] Memory: 3859M
[2024-03-17T10:54:54.554+0000][5.869s] Large Page Support: Disabled
[2024-03-17T10:54:54.555+0000][5.870s] NUMA Support: Disabled
[2024-03-17T10:54:54.555+0000][5.871s] Compressed Oops: Enabled (32-bit)
[2024-03-17T10:54:54.556+0000][5.872s] Heap Region Size: 1M
[2024-03-17T10:54:54.557+0000][5.872s] Heap Min Capacity: 512M
[2024-03-17T10:54:54.558+0000][5.874s] Heap Initial Capacity: 512M
[2024-03-17T10:54:54.559+0000][5.875s] Heap Max Capacity: 512M
[2024-03-17T10:54:54.560+0000][5.876s] Pre-touch: Enabled
[2024-03-17T10:54:54.561+0000][5.876s] Parallel Workers: 8
[2024-03-17T10:54:54.563+0000][5.879s] Concurrent Workers: 2
[2024-03-17T10:54:54.564+0000][5.880s] Concurrent Refinement Workers: 8
[2024-03-17T10:54:54.565+0000][5.881s] Periodic GC: Disabled
[2024-03-17T10:54:55.222+0000][6.537s] CDS archive(s) mapped at: [0x00007f905f000000-0x00007f905fa5f000-0x00007f905fa5f000), size 10874880, SharedBaseAddress: 0x00007f905f000000, ArchiveRelocationMode: 1.
[2024-03-17T10:54:55.222+0000][6.538s] Compressed class space mapped at: 0x00007f9060000000-0x00007f90a0000000, reserved size: 1073741824
[2024-03-17T10:54:55.223+0000][6.539s] Narrow klass base: 0x00007f905f000000, Narrow klass shift: 0, Narrow klass range: 0x100000000
[2024-03-17T10:55:10.061+0000][21.413s] GC(0) Pause Young (Normal) (G1 Evacuation Pause)
[2024-03-17T10:55:10.071+0000][21.424s] GC(0) Using 8 workers of 8 for evacuation
[2024-03-17T10:55:10.383+0000][21.736s] GC(0) MMU target violated: 251.0ms (250.0ms/251.0ms)
[2024-03-17T10:55:10.395+0000][21.747s] GC(0)   Pre Evacuate Collection Set: 147.5ms
[2024-03-17T10:55:10.395+0000][21.747s] GC(0)   Merge Heap Roots: 1.3ms
[2024-03-17T10:55:10.395+0000][21.748s] GC(0)   Evacuate Collection Set: 121.3ms
[2024-03-17T10:55:10.396+0000][21.749s] GC(0)   Post Evacuate Collection Set: 13.8ms
[2024-03-17T10:55:10.397+0000][21.750s] GC(0)   Other: 62.4ms
[2024-03-17T10:55:10.398+0000][21.751s] GC(0) Eden regions: 29->0(27)
[2024-03-17T10:55:10.399+0000][21.751s] GC(0) Survivor regions: 0->4(4)
[2024-03-17T10:55:10.399+0000][21.751s] GC(0) Old regions: 0->1
[2024-03-17T10:55:10.400+0000][21.752s] GC(0) Archive regions: 2->2
[2024-03-17T10:55:10.400+0000][21.752s] GC(0) Humongous regions: 0->0
[2024-03-17T10:55:10.400+0000][21.753s] GC(0) Metaspace: 9988K(10304K)->9988K(10304K) NonClass: 8746K(8896K)->8746K(8896K) Class: 1241K(1408K)->1241K(1408K)
[2024-03-17T10:55:10.402+0000][21.754s] GC(0) Pause Young (Normal) (G1 Evacuation Pause) 29M->5M(512M) 340.433ms
[2024-03-17T10:55:10.402+0000][21.755s] GC(0) User=0.46s Sys=0.00s Real=0.33s
[2024-03-17T10:55:14.373+0000][25.726s] GC(1) Pause Young (Normal) (G1 Evacuation Pause)
[2024-03-17T10:55:14.374+0000][25.726s] GC(1) Using 8 workers of 8 for evacuation
[2024-03-17T10:55:14.455+0000][25.808s] GC(1)   Pre Evacuate Collection Set: 0.3ms
[2024-03-17T10:55:14.456+0000][25.809s] GC(1)   Merge Heap Roots: 5.3ms
[2024-03-17T10:55:14.458+0000][25.810s] GC(1)   Evacuate Collection Set: 73.0ms
[2024-03-17T10:55:14.459+0000][25.811s] GC(1)   Post Evacuate Collection Set: 1.9ms
[2024-03-17T10:55:14.459+0000][25.812s] GC(1)   Other: 1.5ms
[2024-03-17T10:55:14.461+0000][25.813s] GC(1) Eden regions: 25->0(29)
[2024-03-17T10:55:14.461+0000][25.814s] GC(1) Survivor regions: 4->4(4)
[2024-03-17T10:55:14.462+0000][25.815s] GC(1) Old regions: 1->10
[2024-03-17T10:55:14.463+0000][25.815s] GC(1) Archive regions: 2->2
[2024-03-17T10:55:14.463+0000][25.816s] GC(1) Humongous regions: 4->4
[2024-03-17T10:55:14.467+0000][25.820s] GC(1) Metaspace: 16756K(17024K)->16756K(17024K) NonClass: 14678K(14784K)->14678K(14784K) Class: 2078K(2240K)->2078K(2240K)
[2024-03-17T10:55:14.473+0000][25.825s] GC(1) Pause Young (Normal) (G1 Evacuation Pause) 34M->18M(512M) 99.779ms
[2024-03-17T10:55:14.474+0000][25.827s] GC(1) User=0.23s Sys=0.07s Real=0.10s
[2024-03-17T10:55:16.689+0000][28.041s] GC(2) Pause Young (Normal) (G1 Evacuation Pause)
[2024-03-17T10:55:16.693+0000][28.046s] GC(2) Using 8 workers of 8 for evacuation
[2024-03-17T10:55:16.782+0000][28.134s] GC(2)   Pre Evacuate Collection Set: 4.5ms
[2024-03-17T10:55:16.782+0000][28.135s] GC(2)   Merge Heap Roots: 0.2ms
[2024-03-17T10:55:16.784+0000][28.136s] GC(2)   Evacuate Collection Set: 67.0ms
[2024-03-17T10:55:16.784+0000][28.137s] GC(2)   Post Evacuate Collection Set: 1.5ms
[2024-03-17T10:55:16.785+0000][28.137s] GC(2)   Other: 19.5ms
[2024-03-17T10:55:16.786+0000][28.138s] GC(2) Eden regions: 29->0(57)
[2024-03-17T10:55:16.786+0000][28.138s] GC(2) Survivor regions: 4->5(5)
[2024-03-17T10:55:16.787+0000][28.139s] GC(2) Old regions: 10->14
[2024-03-17T10:55:16.788+0000][28.140s] GC(2) Archive regions: 2->2
[2024-03-17T10:55:16.788+0000][28.141s] GC(2) Humongous regions: 4->4
[2024-03-17T10:55:16.790+0000][28.142s] GC(2) Metaspace: 17934K(18240K)->17934K(18240K) NonClass: 15718K(15936K)->15718K(15936K) Class: 2215K(2304K)->2215K(2304K)
[2024-03-17T10:55:16.792+0000][28.144s] GC(2) Pause Young (Normal) (G1 Evacuation Pause) 47M->22M(512M) 102.869ms
[2024-03-17T10:55:16.793+0000][28.145s] GC(2) User=0.31s Sys=0.02s Real=0.10s
[2024-03-17T10:55:19.992+0000][31.344s] GC(3) Pause Young (Concurrent Start) (Metadata GC Threshold)
[2024-03-17T10:55:19.994+0000][31.346s] GC(3) Using 8 workers of 8 for evacuation
[2024-03-17T10:55:20.031+0000][31.383s] GC(3)   Pre Evacuate Collection Set: 0.5ms
[2024-03-17T10:55:20.031+0000][31.384s] GC(3)   Merge Heap Roots: 0.4ms
[2024-03-17T10:55:20.032+0000][31.384s] GC(3)   Evacuate Collection Set: 26.4ms
[2024-03-17T10:55:20.032+0000][31.385s] GC(3)   Post Evacuate Collection Set: 3.0ms
[2024-03-17T10:55:20.034+0000][31.386s] GC(3)   Other: 8.6ms
[2024-03-17T10:55:20.035+0000][31.387s] GC(3) Eden regions: 30->0(66)
[2024-03-17T10:55:20.035+0000][31.387s] GC(3) Survivor regions: 5->6(8)
[2024-03-17T10:55:20.036+0000][31.388s] GC(3) Old regions: 14->14
[2024-03-17T10:55:20.040+0000][31.392s] GC(3) Archive regions: 2->2
[2024-03-17T10:55:20.043+0000][31.395s] GC(3) Humongous regions: 4->4
[2024-03-17T10:55:20.044+0000][31.396s] GC(3) Metaspace: 21164K(21504K)->21164K(21504K) NonClass: 18547K(18688K)->18547K(18688K) Class: 2617K(2816K)->2617K(2816K)
[2024-03-17T10:55:20.046+0000][31.398s] GC(3) Pause Young (Concurrent Start) (Metadata GC Threshold) 52M->23M(512M) 53.490ms
[2024-03-17T10:55:20.046+0000][31.398s] GC(3) User=0.04s Sys=0.03s Real=0.05s
[2024-03-17T10:55:20.049+0000][31.401s] GC(4) Concurrent Mark Cycle
[2024-03-17T10:55:20.056+0000][31.408s] GC(4) Concurrent Clear Claimed Marks
[2024-03-17T10:55:20.057+0000][31.409s] GC(4) Concurrent Clear Claimed Marks 1.083ms
[2024-03-17T10:55:20.058+0000][31.410s] GC(4) Concurrent Scan Root Regions
[2024-03-17T10:55:20.066+0000][31.418s] GC(4) Concurrent Scan Root Regions 8.524ms
[2024-03-17T10:55:20.067+0000][31.419s] GC(4) Concurrent Mark
[2024-03-17T10:55:20.067+0000][31.420s] GC(4) Concurrent Mark From Roots
[2024-03-17T10:55:20.068+0000][31.420s] GC(4) Using 2 workers of 2 for marking
[2024-03-17T10:55:20.141+0000][31.493s] GC(4) Concurrent Mark From Roots 73.591ms
[2024-03-17T10:55:20.144+0000][31.496s] GC(4) Concurrent Preclean
[2024-03-17T10:55:20.146+0000][31.498s] GC(4) Concurrent Preclean 2.127ms
[2024-03-17T10:55:20.157+0000][31.509s] GC(4) Pause Remark
[2024-03-17T10:55:20.175+0000][31.527s] GC(4) Pause Remark 24M->24M(512M) 18.147ms
[2024-03-17T10:55:20.176+0000][31.529s] GC(4) User=0.03s Sys=0.01s Real=0.02s
[2024-03-17T10:55:20.177+0000][31.529s] GC(4) Concurrent Mark 110.363ms
[2024-03-17T10:55:20.185+0000][31.538s] GC(4) Concurrent Rebuild Remembered Sets
[2024-03-17T10:55:20.220+0000][31.572s] GC(4) Concurrent Rebuild Remembered Sets 34.534ms
[2024-03-17T10:55:20.228+0000][31.580s] GC(4) Pause Cleanup
[2024-03-17T10:55:20.230+0000][31.582s] GC(4) Pause Cleanup 25M->25M(512M) 1.433ms
[2024-03-17T10:55:20.235+0000][31.587s] GC(4) User=0.01s Sys=0.00s Real=0.00s
[2024-03-17T10:55:20.236+0000][31.588s] GC(4) Concurrent Cleanup for Next Mark
[2024-03-17T10:55:20.325+0000][31.678s] GC(4) Concurrent Cleanup for Next Mark 89.716ms
[2024-03-17T10:55:20.329+0000][31.681s] GC(4) Concurrent Mark Cycle 279.800ms
[2024-03-17T10:55:31.969+0000][43.321s] GC(5) Pause Young (Prepare Mixed) (G1 Evacuation Pause)
[2024-03-17T10:55:31.974+0000][43.326s] GC(5) Using 8 workers of 8 for evacuation
[2024-03-17T10:55:32.245+0000][43.597s] GC(5) MMU target violated: 251.0ms (250.0ms/251.0ms)
[2024-03-17T10:55:32.250+0000][43.602s] GC(5)   Pre Evacuate Collection Set: 49.8ms
[2024-03-17T10:55:32.251+0000][43.604s] GC(5)   Merge Heap Roots: 8.3ms
[2024-03-17T10:55:32.252+0000][43.604s] GC(5)   Evacuate Collection Set: 165.4ms
[2024-03-17T10:55:32.254+0000][43.606s] GC(5)   Post Evacuate Collection Set: 45.2ms
[2024-03-17T10:55:32.254+0000][43.607s] GC(5)   Other: 14.1ms
[2024-03-17T10:55:32.259+0000][43.612s] GC(5) Eden regions: 72->0(18)
[2024-03-17T10:55:32.262+0000][43.614s] GC(5) Survivor regions: 6->7(10)
[2024-03-17T10:55:32.263+0000][43.616s] GC(5) Old regions: 14->18
[2024-03-17T10:55:32.264+0000][43.616s] GC(5) Archive regions: 2->2
[2024-03-17T10:55:32.265+0000][43.617s] GC(5) Humongous regions: 4->4
[2024-03-17T10:55:32.267+0000][43.619s] GC(5) Metaspace: 33276K(33600K)->33276K(33600K) NonClass: 29132K(29312K)->29132K(29312K) Class: 4144K(4288K)->4144K(4288K)
[2024-03-17T10:55:32.269+0000][43.621s] GC(5) Pause Young (Prepare Mixed) (G1 Evacuation Pause) 95M->28M(512M) 299.727ms
[2024-03-17T10:55:32.270+0000][43.622s] GC(5) User=0.83s Sys=0.07s Real=0.30s
[2024-03-17T10:55:37.158+0000][48.421s] GC(6) Pause Young (Mixed) (G1 Evacuation Pause)
[2024-03-17T10:55:37.159+0000][48.421s] GC(6) Using 8 workers of 8 for evacuation
[2024-03-17T10:55:37.262+0000][48.525s] GC(6)   Pre Evacuate Collection Set: 0.4ms
[2024-03-17T10:55:37.263+0000][48.525s] GC(6)   Merge Heap Roots: 0.6ms
[2024-03-17T10:55:37.263+0000][48.526s] GC(6)   Evacuate Collection Set: 99.0ms
[2024-03-17T10:55:37.264+0000][48.526s] GC(6)   Post Evacuate Collection Set: 2.6ms
[2024-03-17T10:55:37.264+0000][48.527s] GC(6)   Other: 1.8ms
[2024-03-17T10:55:37.265+0000][48.527s] GC(6) Eden regions: 18->0(305)
[2024-03-17T10:55:37.265+0000][48.527s] GC(6) Survivor regions: 7->2(4)
[2024-03-17T10:55:37.267+0000][48.529s] GC(6) Old regions: 18->24
[2024-03-17T10:55:37.267+0000][48.529s] GC(6) Archive regions: 2->2
[2024-03-17T10:55:37.268+0000][48.530s] GC(6) Humongous regions: 4->4
[2024-03-17T10:55:37.268+0000][48.531s] GC(6) Metaspace: 35411K(35840K)->35411K(35840K) NonClass: 30957K(31168K)->30957K(31168K) Class: 4454K(4672K)->4454K(4672K)
[2024-03-17T10:55:37.269+0000][48.531s] GC(6) Pause Young (Mixed) (G1 Evacuation Pause) 46M->30M(512M) 110.676ms
[2024-03-17T10:55:37.269+0000][48.532s] GC(6) User=0.24s Sys=0.00s Real=0.12s
[2024-03-17T10:55:37.398+0000][48.660s] GC(7) Pause Young (Concurrent Start) (Metadata GC Threshold)
[2024-03-17T10:55:37.413+0000][48.676s] GC(7) Using 8 workers of 8 for evacuation
[2024-03-17T10:55:37.455+0000][48.717s] GC(7)   Pre Evacuate Collection Set: 0.4ms
[2024-03-17T10:55:37.456+0000][48.718s] GC(7)   Merge Heap Roots: 0.3ms
[2024-03-17T10:55:37.456+0000][48.719s] GC(7)   Evacuate Collection Set: 27.2ms
[2024-03-17T10:55:37.457+0000][48.719s] GC(7)   Post Evacuate Collection Set: 7.2ms
[2024-03-17T10:55:37.457+0000][48.719s] GC(7)   Other: 22.2ms
[2024-03-17T10:55:37.457+0000][48.720s] GC(7) Eden regions: 2->0(305)
[2024-03-17T10:55:37.459+0000][48.721s] GC(7) Survivor regions: 2->2(39)
[2024-03-17T10:55:37.463+0000][48.725s] GC(7) Old regions: 24->24
[2024-03-17T10:55:37.463+0000][48.726s] GC(7) Archive regions: 2->2
[2024-03-17T10:55:37.466+0000][48.728s] GC(7) Humongous regions: 4->4
[2024-03-17T10:55:37.467+0000][48.729s] GC(7) Metaspace: 35743K(36160K)->35743K(36160K) NonClass: 31251K(31424K)->31251K(31424K) Class: 4492K(4736K)->4492K(4736K)
[2024-03-17T10:55:37.476+0000][48.739s] GC(7) Pause Young (Concurrent Start) (Metadata GC Threshold) 32M->29M(512M) 78.429ms
[2024-03-17T10:55:37.492+0000][48.754s] GC(7) User=0.05s Sys=0.01s Real=0.10s
[2024-03-17T10:55:37.494+0000][48.756s] GC(8) Concurrent Mark Cycle
[2024-03-17T10:55:37.499+0000][48.762s] GC(8) Concurrent Clear Claimed Marks
[2024-03-17T10:55:37.502+0000][48.765s] GC(8) Concurrent Clear Claimed Marks 3.241ms
[2024-03-17T10:55:37.503+0000][48.765s] GC(8) Concurrent Scan Root Regions
[2024-03-17T10:55:37.532+0000][48.794s] GC(8) Concurrent Scan Root Regions 28.736ms
[2024-03-17T10:55:37.551+0000][48.813s] GC(8) Concurrent Mark
[2024-03-17T10:55:37.563+0000][48.825s] GC(8) Concurrent Mark From Roots
[2024-03-17T10:55:37.574+0000][48.836s] GC(8) Using 2 workers of 2 for marking
[2024-03-17T10:55:37.916+0000][49.179s] GC(8) Concurrent Mark From Roots 353.894ms
[2024-03-17T10:55:37.928+0000][49.190s] GC(8) Concurrent Preclean
[2024-03-17T10:55:37.934+0000][49.197s] GC(8) Concurrent Preclean 6.723ms
[2024-03-17T10:55:37.940+0000][49.203s] GC(8) Pause Remark
[2024-03-17T10:55:38.004+0000][49.267s] GC(8) Pause Remark 33M->33M(512M) 63.913ms
[2024-03-17T10:55:38.005+0000][49.267s] GC(8) User=0.07s Sys=0.00s Real=0.06s
[2024-03-17T10:55:38.007+0000][49.269s] GC(8) Concurrent Mark 456.519ms
[2024-03-17T10:55:38.008+0000][49.270s] GC(8) Concurrent Rebuild Remembered Sets
[2024-03-17T10:55:38.058+0000][49.320s] GC(8) Concurrent Rebuild Remembered Sets 49.969ms
[2024-03-17T10:55:38.065+0000][49.328s] GC(8) Pause Cleanup
[2024-03-17T10:55:38.067+0000][49.329s] GC(8) Pause Cleanup 34M->34M(512M) 1.737ms
[2024-03-17T10:55:38.080+0000][49.342s] GC(8) User=0.00s Sys=0.02s Real=0.02s
[2024-03-17T10:55:38.084+0000][49.346s] GC(8) Concurrent Cleanup for Next Mark
[2024-03-17T10:55:38.163+0000][49.425s] GC(8) Concurrent Cleanup for Next Mark 77.580ms
[2024-03-17T10:55:38.168+0000][49.431s] GC(8) Concurrent Mark Cycle 674.518ms
