[2024-03-10T20:18:20.820+0000][0.056s] Using G1
[2024-03-10T20:18:21.364+0000][0.600s] Version: 17.0.10+7 (release)
[2024-03-10T20:18:21.365+0000][0.600s] CPUs: 8 total, 8 available
[2024-03-10T20:18:21.366+0000][0.601s] Memory: 3859M
[2024-03-10T20:18:21.367+0000][0.602s] Large Page Support: Disabled
[2024-03-10T20:18:21.369+0000][0.604s] NUMA Support: Disabled
[2024-03-10T20:18:21.369+0000][0.605s] Compressed Oops: Enabled (32-bit)
[2024-03-10T20:18:21.371+0000][0.607s] Heap Region Size: 1M
[2024-03-10T20:18:21.372+0000][0.608s] Heap Min Capacity: 512M
[2024-03-10T20:18:21.373+0000][0.608s] Heap Initial Capacity: 512M
[2024-03-10T20:18:21.374+0000][0.609s] Heap Max Capacity: 512M
[2024-03-10T20:18:21.374+0000][0.610s] Pre-touch: Enabled
[2024-03-10T20:18:21.375+0000][0.610s] Parallel Workers: 8
[2024-03-10T20:18:21.375+0000][0.610s] Concurrent Workers: 2
[2024-03-10T20:18:21.375+0000][0.611s] Concurrent Refinement Workers: 8
[2024-03-10T20:18:21.376+0000][0.611s] Periodic GC: Disabled
[2024-03-10T20:18:21.410+0000][0.646s] CDS archive(s) mapped at: [0x00007ff3f7000000-0x00007ff3f7a5f000-0x00007ff3f7a5f000), size 10874880, SharedBaseAddress: 0x00007ff3f7000000, ArchiveRelocationMode: 1.
[2024-03-10T20:18:21.411+0000][0.647s] Compressed class space mapped at: 0x00007ff3f8000000-0x00007ff438000000, reserved size: 1073741824
[2024-03-10T20:18:21.412+0000][0.647s] Narrow klass base: 0x00007ff3f7000000, Narrow klass shift: 0, Narrow klass range: 0x100000000
[2024-03-10T20:18:24.621+0000][3.857s] GC(0) Pause Young (Normal) (G1 Evacuation Pause)
[2024-03-10T20:18:24.622+0000][3.858s] GC(0) Using 8 workers of 8 for evacuation
[2024-03-10T20:18:24.630+0000][3.866s] GC(0)   Pre Evacuate Collection Set: 0.3ms
[2024-03-10T20:18:24.631+0000][3.866s] GC(0)   Merge Heap Roots: 0.2ms
[2024-03-10T20:18:24.631+0000][3.866s] GC(0)   Evacuate Collection Set: 5.2ms
[2024-03-10T20:18:24.631+0000][3.867s] GC(0)   Post Evacuate Collection Set: 1.9ms
[2024-03-10T20:18:24.632+0000][3.867s] GC(0)   Other: 1.5ms
[2024-03-10T20:18:24.632+0000][3.868s] GC(0) Eden regions: 29->0(57)
[2024-03-10T20:18:24.632+0000][3.868s] GC(0) Survivor regions: 0->4(4)
[2024-03-10T20:18:24.633+0000][3.868s] GC(0) Old regions: 0->1
[2024-03-10T20:18:24.633+0000][3.869s] GC(0) Archive regions: 2->2
[2024-03-10T20:18:24.634+0000][3.869s] GC(0) Humongous regions: 0->0
[2024-03-10T20:18:24.634+0000][3.869s] GC(0) Metaspace: 10001K(10304K)->10001K(10304K) NonClass: 8758K(8896K)->8758K(8896K) Class: 1242K(1408K)->1242K(1408K)
[2024-03-10T20:18:24.635+0000][3.870s] GC(0) Pause Young (Normal) (G1 Evacuation Pause) 29M->5M(512M) 13.279ms
[2024-03-10T20:18:24.635+0000][3.871s] GC(0) User=0.02s Sys=0.02s Real=0.01s
[2024-03-10T20:18:26.981+0000][6.216s] GC(1) Pause Young (Normal) (G1 Evacuation Pause)
[2024-03-10T20:18:26.981+0000][6.216s] GC(1) Using 8 workers of 8 for evacuation
[2024-03-10T20:18:26.995+0000][6.231s] GC(1)   Pre Evacuate Collection Set: 0.3ms
[2024-03-10T20:18:26.996+0000][6.232s] GC(1)   Merge Heap Roots: 0.2ms
[2024-03-10T20:18:26.997+0000][6.232s] GC(1)   Evacuate Collection Set: 9.5ms
[2024-03-10T20:18:26.997+0000][6.233s] GC(1)   Post Evacuate Collection Set: 3.7ms
[2024-03-10T20:18:26.998+0000][6.233s] GC(1)   Other: 1.1ms
[2024-03-10T20:18:26.998+0000][6.233s] GC(1) Eden regions: 55->0(170)
[2024-03-10T20:18:26.998+0000][6.234s] GC(1) Survivor regions: 4->8(8)
[2024-03-10T20:18:26.999+0000][6.234s] GC(1) Old regions: 1->9
[2024-03-10T20:18:26.999+0000][6.235s] GC(1) Archive regions: 2->2
[2024-03-10T20:18:26.999+0000][6.235s] GC(1) Humongous regions: 4->4
[2024-03-10T20:18:27.000+0000][6.235s] GC(1) Metaspace: 17930K(18112K)->17930K(18112K) NonClass: 15713K(15808K)->15713K(15808K) Class: 2216K(2304K)->2216K(2304K)
[2024-03-10T20:18:27.000+0000][6.236s] GC(1) Pause Young (Normal) (G1 Evacuation Pause) 64M->21M(512M) 19.678ms
[2024-03-10T20:18:27.001+0000][6.236s] GC(1) User=0.09s Sys=0.00s Real=0.02s
[2024-03-10T20:18:28.091+0000][7.327s] GC(2) Pause Young (Concurrent Start) (Metadata GC Threshold)
[2024-03-10T20:18:28.092+0000][7.327s] GC(2) Using 8 workers of 8 for evacuation
[2024-03-10T20:18:28.102+0000][7.337s] GC(2)   Pre Evacuate Collection Set: 0.4ms
[2024-03-10T20:18:28.103+0000][7.338s] GC(2)   Merge Heap Roots: 0.3ms
[2024-03-10T20:18:28.103+0000][7.338s] GC(2)   Evacuate Collection Set: 6.5ms
[2024-03-10T20:18:28.103+0000][7.339s] GC(2)   Post Evacuate Collection Set: 2.3ms
[2024-03-10T20:18:28.103+0000][7.339s] GC(2)   Other: 1.3ms
[2024-03-10T20:18:28.104+0000][7.339s] GC(2) Eden regions: 32->0(108)
[2024-03-10T20:18:28.104+0000][7.339s] GC(2) Survivor regions: 8->11(16)
[2024-03-10T20:18:28.104+0000][7.340s] GC(2) Old regions: 9->9
[2024-03-10T20:18:28.105+0000][7.340s] GC(2) Archive regions: 2->2
[2024-03-10T20:18:28.105+0000][7.341s] GC(2) Humongous regions: 4->4
[2024-03-10T20:18:28.106+0000][7.341s] GC(2) Metaspace: 21177K(21504K)->21177K(21504K) NonClass: 18558K(18688K)->18558K(18688K) Class: 2618K(2816K)->2618K(2816K)
[2024-03-10T20:18:28.106+0000][7.341s] GC(2) Pause Young (Concurrent Start) (Metadata GC Threshold) 52M->23M(512M) 14.756ms
[2024-03-10T20:18:28.106+0000][7.342s] GC(2) User=0.06s Sys=0.00s Real=0.01s
[2024-03-10T20:18:28.107+0000][7.342s] GC(3) Concurrent Mark Cycle
[2024-03-10T20:18:28.108+0000][7.344s] GC(3) Concurrent Clear Claimed Marks
[2024-03-10T20:18:28.109+0000][7.344s] GC(3) Concurrent Clear Claimed Marks 0.428ms
[2024-03-10T20:18:28.110+0000][7.345s] GC(3) Concurrent Scan Root Regions
[2024-03-10T20:18:28.119+0000][7.354s] GC(3) Concurrent Scan Root Regions 8.833ms
[2024-03-10T20:18:28.119+0000][7.355s] GC(3) Concurrent Mark
[2024-03-10T20:18:28.120+0000][7.355s] GC(3) Concurrent Mark From Roots
[2024-03-10T20:18:28.120+0000][7.355s] GC(3) Using 2 workers of 2 for marking
[2024-03-10T20:18:28.140+0000][7.375s] GC(3) Concurrent Mark From Roots 20.215ms
[2024-03-10T20:18:28.140+0000][7.376s] GC(3) Concurrent Preclean
[2024-03-10T20:18:28.141+0000][7.377s] GC(3) Concurrent Preclean 0.885ms
[2024-03-10T20:18:28.142+0000][7.377s] GC(3) Pause Remark
[2024-03-10T20:18:28.147+0000][7.383s] GC(3) Pause Remark 24M->24M(512M) 5.086ms
[2024-03-10T20:18:28.148+0000][7.383s] GC(3) User=0.03s Sys=0.00s Real=0.01s
[2024-03-10T20:18:28.149+0000][7.384s] GC(3) Concurrent Mark 29.456ms
[2024-03-10T20:18:28.149+0000][7.385s] GC(3) Concurrent Rebuild Remembered Sets
[2024-03-10T20:18:28.159+0000][7.394s] GC(3) Concurrent Rebuild Remembered Sets 9.523ms
[2024-03-10T20:18:28.160+0000][7.395s] GC(3) Pause Cleanup
[2024-03-10T20:18:28.161+0000][7.396s] GC(3) Pause Cleanup 24M->24M(512M) 0.895ms
[2024-03-10T20:18:28.161+0000][7.397s] GC(3) User=0.00s Sys=0.00s Real=0.00s
[2024-03-10T20:18:28.162+0000][7.397s] GC(3) Concurrent Cleanup for Next Mark
[2024-03-10T20:18:28.164+0000][7.399s] GC(3) Concurrent Cleanup for Next Mark 2.009ms
[2024-03-10T20:18:28.165+0000][7.400s] GC(3) Concurrent Mark Cycle 57.994ms
[2024-03-10T20:18:37.064+0000][16.300s] GC(4) Pause Young (Concurrent Start) (Metadata GC Threshold)
[2024-03-10T20:18:37.065+0000][16.300s] GC(4) Using 8 workers of 8 for evacuation
[2024-03-10T20:18:37.087+0000][16.322s] GC(4)   Pre Evacuate Collection Set: 0.4ms
[2024-03-10T20:18:37.088+0000][16.323s] GC(4)   Merge Heap Roots: 0.2ms
[2024-03-10T20:18:37.088+0000][16.323s] GC(4)   Evacuate Collection Set: 12.8ms
[2024-03-10T20:18:37.089+0000][16.324s] GC(4)   Post Evacuate Collection Set: 7.7ms
[2024-03-10T20:18:37.089+0000][16.325s] GC(4)   Other: 1.7ms
[2024-03-10T20:18:37.090+0000][16.325s] GC(4) Eden regions: 88->0(293)
[2024-03-10T20:18:37.090+0000][16.325s] GC(4) Survivor regions: 11->14(15)
[2024-03-10T20:18:37.090+0000][16.326s] GC(4) Old regions: 9->12
[2024-03-10T20:18:37.090+0000][16.326s] GC(4) Archive regions: 2->2
[2024-03-10T20:18:37.091+0000][16.326s] GC(4) Humongous regions: 4->4
[2024-03-10T20:18:37.091+0000][16.326s] GC(4) Metaspace: 35739K(36160K)->35739K(36160K) NonClass: 31254K(31488K)->31254K(31488K) Class: 4485K(4672K)->4485K(4672K)
[2024-03-10T20:18:37.091+0000][16.327s] GC(4) Pause Young (Concurrent Start) (Metadata GC Threshold) 111M->29M(512M) 27.031ms
[2024-03-10T20:18:37.092+0000][16.327s] GC(4) User=0.12s Sys=0.00s Real=0.03s
[2024-03-10T20:18:37.092+0000][16.328s] GC(5) Concurrent Mark Cycle
[2024-03-10T20:18:37.093+0000][16.328s] GC(5) Concurrent Clear Claimed Marks
[2024-03-10T20:18:37.093+0000][16.328s] GC(5) Concurrent Clear Claimed Marks 0.392ms
[2024-03-10T20:18:37.093+0000][16.329s] GC(5) Concurrent Scan Root Regions
[2024-03-10T20:18:37.103+0000][16.339s] GC(5) Concurrent Scan Root Regions 9.812ms
[2024-03-10T20:18:37.104+0000][16.339s] GC(5) Concurrent Mark
[2024-03-10T20:18:37.104+0000][16.340s] GC(5) Concurrent Mark From Roots
[2024-03-10T20:18:37.104+0000][16.340s] GC(5) Using 2 workers of 2 for marking
[2024-03-10T20:18:37.136+0000][16.371s] GC(5) Concurrent Mark From Roots 31.452ms
[2024-03-10T20:18:37.140+0000][16.375s] GC(5) Concurrent Preclean
[2024-03-10T20:18:37.146+0000][16.382s] GC(5) Concurrent Preclean 6.337ms
[2024-03-10T20:18:37.148+0000][16.384s] GC(5) Pause Remark
[2024-03-10T20:18:37.156+0000][16.391s] GC(5) Pause Remark 30M->30M(512M) 7.505ms
[2024-03-10T20:18:37.157+0000][16.392s] GC(5) User=0.02s Sys=0.00s Real=0.00s
[2024-03-10T20:18:37.157+0000][16.393s] GC(5) Concurrent Mark 53.635ms
[2024-03-10T20:18:37.158+0000][16.393s] GC(5) Concurrent Rebuild Remembered Sets
[2024-03-10T20:18:37.171+0000][16.406s] GC(5) Concurrent Rebuild Remembered Sets 13.007ms
[2024-03-10T20:18:37.172+0000][16.408s] GC(5) Pause Cleanup
[2024-03-10T20:18:37.173+0000][16.409s] GC(5) Pause Cleanup 30M->30M(512M) 0.912ms
[2024-03-10T20:18:37.174+0000][16.409s] GC(5) User=0.00s Sys=0.00s Real=0.00s
[2024-03-10T20:18:37.174+0000][16.410s] GC(5) Concurrent Cleanup for Next Mark
[2024-03-10T20:18:37.176+0000][16.412s] GC(5) Concurrent Cleanup for Next Mark 1.810ms
[2024-03-10T20:18:37.177+0000][16.412s] GC(5) Concurrent Mark Cycle 84.771ms
[2024-03-13T20:16:32.844+0000][42492.136s] GC(6) Pause Young (Normal) (G1 Evacuation Pause)
[2024-03-13T20:16:32.852+0000][42492.143s] GC(6) Using 8 workers of 8 for evacuation
[2024-03-13T20:16:33.932+0000][42493.223s] GC(6) MMU target violated: 251.0ms (250.0ms/251.0ms)
[2024-03-13T20:16:33.934+0000][42493.225s] GC(6)   Pre Evacuate Collection Set: 16.3ms
[2024-03-13T20:16:33.934+0000][42493.226s] GC(6)   Merge Heap Roots: 11.3ms
[2024-03-13T20:16:33.935+0000][42493.226s] GC(6)   Evacuate Collection Set: 945.1ms
[2024-03-13T20:16:33.935+0000][42493.226s] GC(6)   Post Evacuate Collection Set: 59.2ms
[2024-03-13T20:16:33.936+0000][42493.227s] GC(6)   Other: 68.7ms
[2024-03-13T20:16:33.937+0000][42493.228s] GC(6) Eden regions: 293->0(1)
[2024-03-13T20:16:33.937+0000][42493.229s] GC(6) Survivor regions: 14->30(39)
[2024-03-13T20:16:33.938+0000][42493.229s] GC(6) Old regions: 12->12
[2024-03-13T20:16:33.938+0000][42493.229s] GC(6) Archive regions: 2->2
[2024-03-13T20:16:33.938+0000][42493.230s] GC(6) Humongous regions: 4->4
[2024-03-13T20:16:33.939+0000][42493.231s] GC(6) Metaspace: 57089K(57664K)->57089K(57664K) NonClass: 49823K(50112K)->49823K(50112K) Class: 7265K(7552K)->7265K(7552K)
[2024-03-13T20:16:33.943+0000][42493.234s] GC(6) Pause Young (Normal) (G1 Evacuation Pause) 322M->45M(512M) 1097.632ms
[2024-03-13T20:16:33.944+0000][42493.235s] GC(6) User=7.64s Sys=0.00s Real=1.10s
[2024-03-13T20:16:34.431+0000][42493.723s] GC(7) Pause Young (Normal) (G1 Evacuation Pause)
[2024-03-13T20:16:34.432+0000][42493.723s] GC(7) Using 8 workers of 8 for evacuation
[2024-03-13T20:16:34.529+0000][42493.820s] GC(7)   Pre Evacuate Collection Set: 0.3ms
[2024-03-13T20:16:34.530+0000][42493.821s] GC(7)   Merge Heap Roots: 0.2ms
[2024-03-13T20:16:34.530+0000][42493.821s] GC(7)   Evacuate Collection Set: 89.5ms
[2024-03-13T20:16:34.530+0000][42493.822s] GC(7)   Post Evacuate Collection Set: 6.2ms
[2024-03-13T20:16:34.531+0000][42493.822s] GC(7)   Other: 1.6ms
[2024-03-13T20:16:34.531+0000][42493.823s] GC(7) Eden regions: 1->0(51)
[2024-03-13T20:16:34.532+0000][42493.823s] GC(7) Survivor regions: 30->4(4)
[2024-03-13T20:16:34.532+0000][42493.824s] GC(7) Old regions: 12->40
[2024-03-13T20:16:34.533+0000][42493.824s] GC(7) Archive regions: 2->2
[2024-03-13T20:16:34.533+0000][42493.825s] GC(7) Humongous regions: 4->4
[2024-03-13T20:16:34.533+0000][42493.825s] GC(7) Metaspace: 57092K(57664K)->57092K(57664K) NonClass: 49826K(50112K)->49826K(50112K) Class: 7265K(7552K)->7265K(7552K)
[2024-03-13T20:16:34.534+0000][42493.825s] GC(7) Pause Young (Normal) (G1 Evacuation Pause) 46M->48M(512M) 102.698ms
[2024-03-13T20:16:34.534+0000][42493.826s] GC(7) User=0.71s Sys=0.00s Real=0.10s
[2024-03-16T20:43:23.622+0000][79808.787s] GC(8) Pause Young (Normal) (G1 Evacuation Pause)
[2024-03-16T20:43:23.637+0000][79808.802s] GC(8) Using 8 workers of 8 for evacuation
[2024-03-16T20:43:24.076+0000][79809.241s] GC(8) MMU target violated: 251.0ms (250.0ms/251.0ms)
[2024-03-16T20:43:24.079+0000][79809.244s] GC(8)   Pre Evacuate Collection Set: 36.5ms
[2024-03-16T20:43:24.082+0000][79809.247s] GC(8)   Merge Heap Roots: 25.3ms
[2024-03-16T20:43:24.082+0000][79809.248s] GC(8)   Evacuate Collection Set: 275.0ms
[2024-03-16T20:43:24.083+0000][79809.249s] GC(8)   Post Evacuate Collection Set: 82.4ms
[2024-03-16T20:43:24.084+0000][79809.249s] GC(8)   Other: 53.7ms
[2024-03-16T20:43:24.085+0000][79809.250s] GC(8) Eden regions: 51->0(23)
[2024-03-16T20:43:24.086+0000][79809.251s] GC(8) Survivor regions: 4->2(7)
[2024-03-16T20:43:24.087+0000][79809.252s] GC(8) Old regions: 40->40
[2024-03-16T20:43:24.087+0000][79809.252s] GC(8) Archive regions: 2->2
[2024-03-16T20:43:24.088+0000][79809.253s] GC(8) Humongous regions: 4->4
[2024-03-16T20:43:24.089+0000][79809.254s] GC(8) Metaspace: 57432K(57984K)->57432K(57984K) NonClass: 50164K(50432K)->50164K(50432K) Class: 7268K(7552K)->7268K(7552K)
[2024-03-16T20:43:24.093+0000][79809.258s] GC(8) Pause Young (Normal) (G1 Evacuation Pause) 99M->46M(512M) 469.829ms
[2024-03-16T20:43:24.093+0000][79809.259s] GC(8) User=0.70s Sys=0.24s Real=0.47s
[2024-03-16T20:47:13.573+0000][80038.698s] GC(9) Pause Young (Normal) (G1 Evacuation Pause)
[2024-03-16T20:47:13.580+0000][80038.705s] GC(9) Using 8 workers of 8 for evacuation
[2024-03-16T20:47:13.961+0000][80039.086s] GC(9) MMU target violated: 251.0ms (250.0ms/251.0ms)
[2024-03-16T20:47:13.963+0000][80039.087s] GC(9)   Pre Evacuate Collection Set: 23.5ms
[2024-03-16T20:47:13.964+0000][80039.089s] GC(9)   Merge Heap Roots: 4.1ms
[2024-03-16T20:47:13.964+0000][80039.089s] GC(9)   Evacuate Collection Set: 280.0ms
[2024-03-16T20:47:13.964+0000][80039.089s] GC(9)   Post Evacuate Collection Set: 62.6ms
[2024-03-16T20:47:13.965+0000][80039.090s] GC(9)   Other: 33.8ms
[2024-03-16T20:47:13.966+0000][80039.090s] GC(9) Eden regions: 23->0(23)
[2024-03-16T20:47:13.967+0000][80039.092s] GC(9) Survivor regions: 2->2(4)
[2024-03-16T20:47:13.967+0000][80039.092s] GC(9) Old regions: 40->40
[2024-03-16T20:47:13.968+0000][80039.093s] GC(9) Archive regions: 2->2
[2024-03-16T20:47:13.968+0000][80039.093s] GC(9) Humongous regions: 4->4
[2024-03-16T20:47:13.972+0000][80039.097s] GC(9) Metaspace: 57515K(58048K)->57515K(58048K) NonClass: 50246K(50496K)->50246K(50496K) Class: 7268K(7552K)->7268K(7552K)
[2024-03-16T20:47:13.974+0000][80039.099s] GC(9) Pause Young (Normal) (G1 Evacuation Pause) 69M->46M(512M) 403.127ms
[2024-03-16T20:47:13.975+0000][80039.100s] GC(9) User=0.84s Sys=0.17s Real=0.40s
[2024-03-16T20:50:40.022+0000][80245.096s] GC(10) Pause Young (Normal) (G1 Evacuation Pause)
[2024-03-16T20:50:40.033+0000][80245.106s] GC(10) Using 8 workers of 8 for evacuation
[2024-03-16T20:50:40.581+0000][80245.654s] GC(10) MMU target violated: 251.0ms (250.0ms/251.0ms)
[2024-03-16T20:50:40.585+0000][80245.659s] GC(10)   Pre Evacuate Collection Set: 45.7ms
[2024-03-16T20:50:40.586+0000][80245.660s] GC(10)   Merge Heap Roots: 13.6ms
[2024-03-16T20:50:40.587+0000][80245.660s] GC(10)   Evacuate Collection Set: 436.1ms
[2024-03-16T20:50:40.587+0000][80245.660s] GC(10)   Post Evacuate Collection Set: 36.8ms
[2024-03-16T20:50:40.588+0000][80245.661s] GC(10)   Other: 64.7ms
[2024-03-16T20:50:40.588+0000][80245.661s] GC(10) Eden regions: 23->0(23)
[2024-03-16T20:50:40.588+0000][80245.662s] GC(10) Survivor regions: 2->2(4)
[2024-03-16T20:50:40.589+0000][80245.662s] GC(10) Old regions: 40->40
[2024-03-16T20:50:40.589+0000][80245.662s] GC(10) Archive regions: 2->2
[2024-03-16T20:50:40.590+0000][80245.663s] GC(10) Humongous regions: 4->4
[2024-03-16T20:50:40.591+0000][80245.664s] GC(10) Metaspace: 57561K(58176K)->57561K(58176K) NonClass: 50292K(50624K)->50292K(50624K) Class: 7268K(7552K)->7268K(7552K)
[2024-03-16T20:50:40.593+0000][80245.666s] GC(10) Pause Young (Normal) (G1 Evacuation Pause) 69M->46M(512M) 570.491ms
[2024-03-16T20:50:40.593+0000][80245.666s] GC(10) User=1.82s Sys=0.09s Real=0.57s
[2024-03-16T20:52:00.245+0000][80325.274s] GC(11) Pause Young (Normal) (G1 Evacuation Pause)
[2024-03-16T20:52:00.251+0000][80325.280s] GC(11) Using 8 workers of 8 for evacuation
[2024-03-16T20:52:00.340+0000][80325.368s] GC(11)   Pre Evacuate Collection Set: 9.1ms
[2024-03-16T20:52:00.340+0000][80325.369s] GC(11)   Merge Heap Roots: 6.0ms
[2024-03-16T20:52:00.341+0000][80325.369s] GC(11)   Evacuate Collection Set: 50.1ms
[2024-03-16T20:52:00.341+0000][80325.370s] GC(11)   Post Evacuate Collection Set: 15.6ms
[2024-03-16T20:52:00.342+0000][80325.370s] GC(11)   Other: 23.3ms
[2024-03-16T20:52:00.342+0000][80325.371s] GC(11) Eden regions: 23->0(23)
[2024-03-16T20:52:00.343+0000][80325.372s] GC(11) Survivor regions: 2->2(4)
[2024-03-16T20:52:00.343+0000][80325.372s] GC(11) Old regions: 40->40
[2024-03-16T20:52:00.344+0000][80325.373s] GC(11) Archive regions: 2->2
[2024-03-16T20:52:00.345+0000][80325.373s] GC(11) Humongous regions: 4->4
[2024-03-16T20:52:00.345+0000][80325.374s] GC(11) Metaspace: 58039K(58624K)->58039K(58624K) NonClass: 50702K(51008K)->50702K(51008K) Class: 7336K(7616K)->7336K(7616K)
[2024-03-16T20:52:00.347+0000][80325.376s] GC(11) Pause Young (Normal) (G1 Evacuation Pause) 69M->46M(512M) 101.790ms
[2024-03-16T20:52:00.348+0000][80325.376s] GC(11) User=0.46s Sys=0.00s Real=0.10s
[2024-03-16T20:57:36.083+0000][80660.923s] GC(12) Pause Young (Normal) (G1 Evacuation Pause)
[2024-03-16T20:57:36.097+0000][80660.937s] GC(12) Using 8 workers of 8 for evacuation
[2024-03-16T20:57:36.278+0000][80661.118s] GC(12)   Pre Evacuate Collection Set: 21.9ms
[2024-03-16T20:57:36.278+0000][80661.119s] GC(12)   Merge Heap Roots: 3.7ms
[2024-03-16T20:57:36.279+0000][80661.119s] GC(12)   Evacuate Collection Set: 112.5ms
[2024-03-16T20:57:36.279+0000][80661.119s] GC(12)   Post Evacuate Collection Set: 29.8ms
[2024-03-16T20:57:36.280+0000][80661.120s] GC(12)   Other: 42.4ms
[2024-03-16T20:57:36.280+0000][80661.120s] GC(12) Eden regions: 23->0(23)
[2024-03-16T20:57:36.280+0000][80661.121s] GC(12) Survivor regions: 2->2(4)
[2024-03-16T20:57:36.281+0000][80661.121s] GC(12) Old regions: 40->40
[2024-03-16T20:57:36.281+0000][80661.121s] GC(12) Archive regions: 2->2
[2024-03-16T20:57:36.281+0000][80661.121s] GC(12) Humongous regions: 4->4
[2024-03-16T20:57:36.282+0000][80661.122s] GC(12) Metaspace: 58273K(58944K)->58273K(58944K) NonClass: 50915K(51264K)->50915K(51264K) Class: 7358K(7680K)->7358K(7680K)
[2024-03-16T20:57:36.284+0000][80661.125s] GC(12) Pause Young (Normal) (G1 Evacuation Pause) 69M->46M(512M) 201.396ms
[2024-03-16T20:57:36.285+0000][80661.125s] GC(12) User=0.83s Sys=0.04s Real=0.20s
[2024-03-17T06:29:38.187+0000][114971.678s] GC(13) Pause Young (Normal) (G1 Evacuation Pause)
[2024-03-17T06:29:38.204+0000][114971.695s] GC(13) Using 8 workers of 8 for evacuation
[2024-03-17T06:29:38.369+0000][114971.860s] GC(13)   Pre Evacuate Collection Set: 18.6ms
[2024-03-17T06:29:38.370+0000][114971.861s] GC(13)   Merge Heap Roots: 4.6ms
[2024-03-17T06:29:38.370+0000][114971.862s] GC(13)   Evacuate Collection Set: 108.6ms
[2024-03-17T06:29:38.371+0000][114971.862s] GC(13)   Post Evacuate Collection Set: 24.8ms
[2024-03-17T06:29:38.372+0000][114971.863s] GC(13)   Other: 42.7ms
[2024-03-17T06:29:38.372+0000][114971.864s] GC(13) Eden regions: 23->0(25)
[2024-03-17T06:29:38.373+0000][114971.864s] GC(13) Survivor regions: 2->2(4)
[2024-03-17T06:29:38.373+0000][114971.864s] GC(13) Old regions: 40->40
[2024-03-17T06:29:38.373+0000][114971.864s] GC(13) Archive regions: 2->2
[2024-03-17T06:29:38.374+0000][114971.865s] GC(13) Humongous regions: 4->4
[2024-03-17T06:29:38.374+0000][114971.865s] GC(13) Metaspace: 58473K(59072K)->58473K(59072K) NonClass: 51098K(51392K)->51098K(51392K) Class: 7374K(7680K)->7374K(7680K)
[2024-03-17T06:29:38.375+0000][114971.866s] GC(13) Pause Young (Normal) (G1 Evacuation Pause) 69M->45M(512M) 188.815ms
[2024-03-17T06:29:38.375+0000][114971.866s] GC(13) User=0.78s Sys=0.02s Real=0.19s
[2024-03-17T06:29:39.493+0000][114972.984s] Heap
[2024-03-17T06:29:39.494+0000][114972.985s]  garbage-first heap   total 524288K, used 50422K [0x00000000e0000000, 0x0000000100000000)
[2024-03-17T06:29:39.494+0000][114972.986s]   region size 1024K, 6 young (6144K), 2 survivors (2048K)
[2024-03-17T06:29:39.495+0000][114972.986s]  Metaspace       used 58533K, committed 59136K, reserved 1114112K
[2024-03-17T06:29:39.496+0000][114972.987s]   class space    used 7387K, committed 7680K, reserved 1048576K
