[2024-03-10T11:22:19.642+0000][0.236s] Using G1
[2024-03-10T11:22:23.842+0000][4.435s] Version: 17.0.10+7 (release)
[2024-03-10T11:22:23.869+0000][4.463s] CPUs: 8 total, 8 available
[2024-03-10T11:22:23.937+0000][4.531s] Memory: 3859M
[2024-03-10T11:22:23.941+0000][4.534s] Large Page Support: Disabled
[2024-03-10T11:22:23.952+0000][4.546s] NUMA Support: Disabled
[2024-03-10T11:22:23.953+0000][4.546s] Compressed Oops: Enabled (32-bit)
[2024-03-10T11:22:23.953+0000][4.547s] Heap Region Size: 1M
[2024-03-10T11:22:23.953+0000][4.547s] Heap Min Capacity: 512M
[2024-03-10T11:22:23.954+0000][4.547s] Heap Initial Capacity: 512M
[2024-03-10T11:22:23.973+0000][4.567s] Heap Max Capacity: 512M
[2024-03-10T11:22:23.975+0000][4.569s] Pre-touch: Enabled
[2024-03-10T11:22:23.976+0000][4.570s] Parallel Workers: 8
[2024-03-10T11:22:23.978+0000][4.571s] Concurrent Workers: 2
[2024-03-10T11:22:23.979+0000][4.572s] Concurrent Refinement Workers: 8
[2024-03-10T11:22:23.979+0000][4.573s] Periodic GC: Disabled
[2024-03-10T11:22:24.648+0000][5.242s] CDS archive(s) mapped at: [0x00007f37ff000000-0x00007f37ffa5f000-0x00007f37ffa5f000), size 10874880, SharedBaseAddress: 0x00007f37ff000000, ArchiveRelocationMode: 1.
[2024-03-10T11:22:24.650+0000][5.243s] Compressed class space mapped at: 0x00007f3800000000-0x00007f3840000000, reserved size: 1073741824
[2024-03-10T11:22:24.651+0000][5.245s] Narrow klass base: 0x00007f37ff000000, Narrow klass shift: 0, Narrow klass range: 0x100000000
[2024-03-10T11:22:33.528+0000][14.076s] GC(0) Pause Young (Normal) (G1 Evacuation Pause)
[2024-03-10T11:22:33.532+0000][14.079s] GC(0) Using 8 workers of 8 for evacuation
[2024-03-10T11:22:33.724+0000][14.272s] GC(0)   Pre Evacuate Collection Set: 1.6ms
[2024-03-10T11:22:33.727+0000][14.275s] GC(0)   Merge Heap Roots: 1.9ms
[2024-03-10T11:22:33.730+0000][14.278s] GC(0)   Evacuate Collection Set: 117.3ms
[2024-03-10T11:22:33.732+0000][14.279s] GC(0)   Post Evacuate Collection Set: 49.2ms
[2024-03-10T11:22:33.732+0000][14.280s] GC(0)   Other: 50.7ms
[2024-03-10T11:22:33.734+0000][14.281s] GC(0) Eden regions: 29->0(27)
[2024-03-10T11:22:33.736+0000][14.284s] GC(0) Survivor regions: 0->4(4)
[2024-03-10T11:22:33.737+0000][14.285s] GC(0) Old regions: 0->1
[2024-03-10T11:22:33.739+0000][14.287s] GC(0) Archive regions: 2->2
[2024-03-10T11:22:33.746+0000][14.293s] GC(0) Humongous regions: 4->4
[2024-03-10T11:22:33.746+0000][14.294s] GC(0) Metaspace: 10180K(10432K)->10180K(10432K) NonClass: 8918K(9024K)->8918K(9024K) Class: 1261K(1408K)->1261K(1408K)
[2024-03-10T11:22:33.747+0000][14.295s] GC(0) Pause Young (Normal) (G1 Evacuation Pause) 33M->9M(512M) 219.218ms
[2024-03-10T11:22:33.748+0000][14.296s] GC(0) User=0.94s Sys=0.00s Real=0.23s
[2024-03-10T11:22:37.044+0000][17.592s] GC(1) Pause Young (Normal) (G1 Evacuation Pause)
[2024-03-10T11:22:37.045+0000][17.592s] GC(1) Using 8 workers of 8 for evacuation
[2024-03-10T11:22:37.107+0000][17.655s] GC(1)   Pre Evacuate Collection Set: 0.3ms
[2024-03-10T11:22:37.108+0000][17.656s] GC(1)   Merge Heap Roots: 0.3ms
[2024-03-10T11:22:37.109+0000][17.656s] GC(1)   Evacuate Collection Set: 49.9ms
[2024-03-10T11:22:37.109+0000][17.657s] GC(1)   Post Evacuate Collection Set: 11.2ms
[2024-03-10T11:22:37.110+0000][17.658s] GC(1)   Other: 1.3ms
[2024-03-10T11:22:37.115+0000][17.663s] GC(1) Eden regions: 25->0(26)
[2024-03-10T11:22:37.116+0000][17.664s] GC(1) Survivor regions: 4->4(4)
[2024-03-10T11:22:37.116+0000][17.664s] GC(1) Old regions: 1->9
[2024-03-10T11:22:37.117+0000][17.665s] GC(1) Archive regions: 2->2
[2024-03-10T11:22:37.117+0000][17.665s] GC(1) Humongous regions: 4->4
[2024-03-10T11:22:37.118+0000][17.665s] GC(1) Metaspace: 16840K(17152K)->16840K(17152K) NonClass: 14755K(14912K)->14755K(14912K) Class: 2084K(2240K)->2084K(2240K)
[2024-03-10T11:22:37.118+0000][17.666s] GC(1) Pause Young (Normal) (G1 Evacuation Pause) 34M->17M(512M) 74.057ms
[2024-03-10T11:22:37.119+0000][17.667s] GC(1) User=0.31s Sys=0.04s Real=0.08s
[2024-03-10T11:22:40.240+0000][20.788s] GC(2) Pause Young (Normal) (G1 Evacuation Pause)
[2024-03-10T11:22:40.241+0000][20.789s] GC(2) Using 8 workers of 8 for evacuation
[2024-03-10T11:22:40.268+0000][20.816s] GC(2)   Pre Evacuate Collection Set: 0.4ms
[2024-03-10T11:22:40.269+0000][20.816s] GC(2)   Merge Heap Roots: 0.3ms
[2024-03-10T11:22:40.269+0000][20.817s] GC(2)   Evacuate Collection Set: 23.8ms
[2024-03-10T11:22:40.270+0000][20.818s] GC(2)   Post Evacuate Collection Set: 1.2ms
[2024-03-10T11:22:40.270+0000][20.818s] GC(2)   Other: 2.1ms
[2024-03-10T11:22:40.271+0000][20.819s] GC(2) Eden regions: 26->0(42)
[2024-03-10T11:22:40.272+0000][20.820s] GC(2) Survivor regions: 4->4(4)
[2024-03-10T11:22:40.272+0000][20.820s] GC(2) Old regions: 9->14
[2024-03-10T11:22:40.274+0000][20.822s] GC(2) Archive regions: 2->2
[2024-03-10T11:22:40.275+0000][20.823s] GC(2) Humongous regions: 4->4
[2024-03-10T11:22:40.277+0000][20.824s] GC(2) Metaspace: 17919K(18176K)->17919K(18176K) NonClass: 15711K(15872K)->15711K(15872K) Class: 2208K(2304K)->2208K(2304K)
[2024-03-10T11:22:40.277+0000][20.825s] GC(2) Pause Young (Normal) (G1 Evacuation Pause) 43M->22M(512M) 37.117ms
[2024-03-10T11:22:40.278+0000][20.826s] GC(2) User=0.18s Sys=0.01s Real=0.04s
[2024-03-10T11:22:43.863+0000][24.411s] GC(3) Pause Young (Concurrent Start) (Metadata GC Threshold)
[2024-03-10T11:22:43.864+0000][24.412s] GC(3) Using 8 workers of 8 for evacuation
[2024-03-10T11:22:43.893+0000][24.440s] GC(3)   Pre Evacuate Collection Set: 0.4ms
[2024-03-10T11:22:43.893+0000][24.441s] GC(3)   Merge Heap Roots: 0.3ms
[2024-03-10T11:22:43.894+0000][24.442s] GC(3)   Evacuate Collection Set: 21.1ms
[2024-03-10T11:22:43.894+0000][24.442s] GC(3)   Post Evacuate Collection Set: 1.3ms
[2024-03-10T11:22:43.895+0000][24.442s] GC(3)   Other: 6.7ms
[2024-03-10T11:22:43.895+0000][24.443s] GC(3) Eden regions: 32->0(84)
[2024-03-10T11:22:43.895+0000][24.443s] GC(3) Survivor regions: 4->3(6)
[2024-03-10T11:22:43.896+0000][24.443s] GC(3) Old regions: 14->18
[2024-03-10T11:22:43.899+0000][24.446s] GC(3) Archive regions: 2->2
[2024-03-10T11:22:43.901+0000][24.448s] GC(3) Humongous regions: 4->4
[2024-03-10T11:22:43.904+0000][24.452s] GC(3) Metaspace: 21162K(21504K)->21162K(21504K) NonClass: 18554K(18688K)->18554K(18688K) Class: 2607K(2816K)->2607K(2816K)
[2024-03-10T11:22:43.906+0000][24.453s] GC(3) Pause Young (Concurrent Start) (Metadata GC Threshold) 54M->24M(512M) 42.561ms
[2024-03-10T11:22:43.907+0000][24.455s] GC(3) User=0.17s Sys=0.00s Real=0.04s
[2024-03-10T11:22:43.909+0000][24.456s] GC(4) Concurrent Mark Cycle
[2024-03-10T11:22:43.924+0000][24.472s] GC(4) Concurrent Clear Claimed Marks
[2024-03-10T11:22:43.925+0000][24.473s] GC(4) Concurrent Clear Claimed Marks 7.219ms
[2024-03-10T11:22:43.925+0000][24.473s] GC(4) Concurrent Scan Root Regions
[2024-03-10T11:22:43.951+0000][24.498s] GC(4) Concurrent Scan Root Regions 25.211ms
[2024-03-10T11:22:43.957+0000][24.505s] GC(4) Concurrent Mark
[2024-03-10T11:22:43.958+0000][24.505s] GC(4) Concurrent Mark From Roots
[2024-03-10T11:22:43.958+0000][24.506s] GC(4) Using 2 workers of 2 for marking
[2024-03-10T11:22:44.038+0000][24.585s] GC(4) Concurrent Mark From Roots 79.937ms
[2024-03-10T11:22:44.038+0000][24.586s] GC(4) Concurrent Preclean
[2024-03-10T11:22:44.044+0000][24.591s] GC(4) Concurrent Preclean 5.638ms
[2024-03-10T11:22:44.045+0000][24.593s] GC(4) Pause Remark
[2024-03-10T11:22:44.080+0000][24.628s] GC(4) Pause Remark 25M->25M(512M) 35.185ms
[2024-03-10T11:22:44.082+0000][24.629s] GC(4) User=0.08s Sys=0.02s Real=0.04s
[2024-03-10T11:22:44.082+0000][24.630s] GC(4) Concurrent Mark 131.134ms
[2024-03-10T11:22:44.084+0000][24.632s] GC(4) Concurrent Rebuild Remembered Sets
[2024-03-10T11:22:44.106+0000][24.654s] GC(4) Concurrent Rebuild Remembered Sets 22.211ms
[2024-03-10T11:22:44.107+0000][24.655s] GC(4) Pause Cleanup
[2024-03-10T11:22:44.108+0000][24.656s] GC(4) Pause Cleanup 26M->26M(512M) 0.976ms
[2024-03-10T11:22:44.109+0000][24.657s] GC(4) User=0.00s Sys=0.00s Real=0.00s
[2024-03-10T11:22:44.109+0000][24.657s] GC(4) Concurrent Cleanup for Next Mark
[2024-03-10T11:22:44.145+0000][24.692s] GC(4) Concurrent Cleanup for Next Mark 35.214ms
[2024-03-10T11:22:44.145+0000][24.693s] GC(4) Concurrent Mark Cycle 236.669ms
[2024-03-10T11:22:55.480+0000][36.027s] GC(5) Pause Young (Normal) (G1 Evacuation Pause)
[2024-03-10T11:22:55.480+0000][36.028s] GC(5) Using 8 workers of 8 for evacuation
[2024-03-10T11:22:55.539+0000][36.086s] GC(5)   Pre Evacuate Collection Set: 0.3ms
[2024-03-10T11:22:55.540+0000][36.088s] GC(5)   Merge Heap Roots: 0.3ms
[2024-03-10T11:22:55.541+0000][36.089s] GC(5)   Evacuate Collection Set: 49.9ms
[2024-03-10T11:22:55.541+0000][36.089s] GC(5)   Post Evacuate Collection Set: 7.0ms
[2024-03-10T11:22:55.542+0000][36.090s] GC(5)   Other: 1.6ms
[2024-03-10T11:22:55.542+0000][36.090s] GC(5) Eden regions: 93->0(299)
[2024-03-10T11:22:55.543+0000][36.090s] GC(5) Survivor regions: 3->8(12)
[2024-03-10T11:22:55.543+0000][36.091s] GC(5) Old regions: 18->18
[2024-03-10T11:22:55.544+0000][36.092s] GC(5) Archive regions: 2->2
[2024-03-10T11:22:55.544+0000][36.092s] GC(5) Humongous regions: 4->4
[2024-03-10T11:22:55.545+0000][36.092s] GC(5) Metaspace: 34681K(35008K)->34681K(35008K) NonClass: 30342K(30528K)->30342K(30528K) Class: 4339K(4480K)->4339K(4480K)
[2024-03-10T11:22:55.546+0000][36.093s] GC(5) Pause Young (Normal) (G1 Evacuation Pause) 117M->29M(512M) 66.176ms
[2024-03-10T11:22:55.547+0000][36.094s] GC(5) User=0.39s Sys=0.01s Real=0.06s
[2024-03-10T11:22:56.403+0000][36.950s] GC(6) Pause Young (Concurrent Start) (Metadata GC Threshold)
[2024-03-10T11:22:56.404+0000][36.952s] GC(6) Using 8 workers of 8 for evacuation
[2024-03-10T11:22:56.431+0000][36.979s] GC(6)   Pre Evacuate Collection Set: 0.5ms
[2024-03-10T11:22:56.437+0000][36.985s] GC(6)   Merge Heap Roots: 0.2ms
[2024-03-10T11:22:56.438+0000][36.986s] GC(6)   Evacuate Collection Set: 19.7ms
[2024-03-10T11:22:56.439+0000][36.986s] GC(6)   Post Evacuate Collection Set: 2.5ms
[2024-03-10T11:22:56.439+0000][36.987s] GC(6)   Other: 10.1ms
[2024-03-10T11:22:56.440+0000][36.987s] GC(6) Eden regions: 8->0(298)
[2024-03-10T11:22:56.441+0000][36.989s] GC(6) Survivor regions: 8->9(39)
[2024-03-10T11:22:56.441+0000][36.989s] GC(6) Old regions: 18->18
[2024-03-10T11:22:56.442+0000][36.989s] GC(6) Archive regions: 2->2
[2024-03-10T11:22:56.442+0000][36.990s] GC(6) Humongous regions: 4->4
[2024-03-10T11:22:56.442+0000][36.990s] GC(6) Metaspace: 35775K(36160K)->35775K(36160K) NonClass: 31296K(31488K)->31296K(31488K) Class: 4478K(4672K)->4478K(4672K)
[2024-03-10T11:22:56.443+0000][36.990s] GC(6) Pause Young (Concurrent Start) (Metadata GC Threshold) 37M->30M(512M) 40.102ms
[2024-03-10T11:22:56.443+0000][36.991s] GC(6) User=0.05s Sys=0.03s Real=0.04s
[2024-03-10T11:22:56.443+0000][36.991s] GC(7) Concurrent Mark Cycle
[2024-03-10T11:22:56.444+0000][36.992s] GC(7) Concurrent Clear Claimed Marks
[2024-03-10T11:22:56.444+0000][36.992s] GC(7) Concurrent Clear Claimed Marks 0.281ms
[2024-03-10T11:22:56.445+0000][36.992s] GC(7) Concurrent Scan Root Regions
[2024-03-10T11:22:56.450+0000][36.998s] GC(7) Concurrent Scan Root Regions 5.552ms
[2024-03-10T11:22:56.456+0000][37.003s] GC(7) Concurrent Mark
[2024-03-10T11:22:56.456+0000][37.004s] GC(7) Concurrent Mark From Roots
[2024-03-10T11:22:56.457+0000][37.005s] GC(7) Using 2 workers of 2 for marking
[2024-03-10T11:22:56.543+0000][37.091s] GC(7) Concurrent Mark From Roots 86.927ms
[2024-03-10T11:22:56.544+0000][37.092s] GC(7) Concurrent Preclean
[2024-03-10T11:22:56.545+0000][37.093s] GC(7) Concurrent Preclean 0.961ms
[2024-03-10T11:22:56.546+0000][37.094s] GC(7) Pause Remark
[2024-03-10T11:22:56.567+0000][37.115s] GC(7) Pause Remark 32M->32M(512M) 20.874ms
[2024-03-10T11:22:56.574+0000][37.122s] GC(7) User=0.06s Sys=0.03s Real=0.03s
[2024-03-10T11:22:56.576+0000][37.123s] GC(7) Concurrent Mark 120.110ms
[2024-03-10T11:22:56.579+0000][37.127s] GC(7) Concurrent Rebuild Remembered Sets
[2024-03-10T11:22:56.615+0000][37.163s] GC(7) Concurrent Rebuild Remembered Sets 35.783ms
[2024-03-10T11:22:56.623+0000][37.171s] GC(7) Pause Cleanup
[2024-03-10T11:22:56.625+0000][37.172s] GC(7) Pause Cleanup 33M->33M(512M) 1.812ms
[2024-03-10T11:22:56.625+0000][37.173s] GC(7) User=0.00s Sys=0.01s Real=0.00s
[2024-03-10T11:22:56.627+0000][37.175s] GC(7) Concurrent Cleanup for Next Mark
[2024-03-10T11:22:56.696+0000][37.244s] GC(7) Concurrent Cleanup for Next Mark 69.695ms
[2024-03-10T11:22:56.697+0000][37.245s] GC(7) Concurrent Mark Cycle 253.612ms
